.ua
0123456789nonexistent.com
0o.is
0x.tf
10minutemail.com
1337x.to
1drv.com
1drv.ms
1h.is
213891.xyz
23794.top
24.kg
2407.pl
36dm.com
37signals.com
3dmgame.com
3kb.xyz
3lateral.com
4freerussia.org
4pda.ru
4pda.to
4pda.ws
4pna.com
54new.com
5sim.net
61626c.net
6pm.com
7dniv.rv.ua
7tv.app
7tv.io
8686c.com
8chan.moe
9tv.co.il
aaa.army
aaplimg.com
aave.com
abcvg.info
abercrombie.com
abook-club.ru
aboutbeautifulgallopinghorsesinthegreenpasture.online
academy.terrasoft.ua
acg.rip
acgnx.com
acgnx.se
acgnxtracker.com
acgtracker.com
acsalaska.net
activatica.org
activestate.com
acurapartswarehouse.com
adafruit.com
adam-audio.com
adguard.com
adidas.com
adminforge.de
adnexus.net
adnxs.com
adobe-identity.com
adobe-services.com
adobe.com
adobe.io
adobecc.com
adobecces.com
adobeccstatic.com
adobedtm.com
adobeexchange.com
adobegenuine.com
adobegov.com
adobejanus.com
adobelogin.com
adobeoobe.com
adobeprojectm.com
adobesc.com
adobess.com
adobesunbreak.com
adobetag.com
ads-twitter.com
adtech.de
adultmult.tv
aelitis.com
agar.io
agents.media
ahrefs.com
ai-chat.bsg.brave.com
ai.com
ai.google.dev
ai.studio
airbrake.io
aisandbox-pa.googleapis.com
aistudio.google.com
akadns.net
akado-ural.ru
akamaihd.net
akamaized.net
alaskantf.com
alberta.ca
aletorrenty.pl
ali213.net
alienwarearena.com
all4nothin.net
allegro.pl
alltrails.com
alphacoders.com
altaro.com
altrosky.nl
alza.hu
amazfitwatchfaces.com
amazon.com
amazonaws.com
amd.com
amdm.ru
amedia.site
amemv.com
amnezia.org
amplitude.com
amx.com
analog.com
andrevi.ch
angryemailtranslator.com
anidex.moe
anidub.com
anilib.me
anilibria.org
anilibria.tv
anilibria.uno
anilibria.wtf
animaunt.org
anime-portal.su
animebest.org
animedia.tv
animego.org
animespirit.ru
anirena.com
anistar.org
anistars.ru
annas-archive.org
annimon.com
anonwebz.xyz
ansys.com
anthemgame.com
anthemthegame.com
anthropic.com
antigravity-unleash.goog
antigravity.google
anythingllm.com
aol.com
apexlegends.com
api.jetbrains.ai
api.service-kp.com
api.theins.info
api.themoviedb.org
apiary.io
apkmirror.com
aplawrence.com
app-measurement.com
app.link
app.zerossl.com
apple-dns.net
apple-icloud.cn
apple.com
appleicloud.cn
applemx-icloud.com
appsflyersdk.com
appspot.com
arbat.media
archive.org
archive.ph
archiveofourown.org
arenabg.com
arjlover.net
arkoselabs.com
artstation.com
aruacfilmes.com.br
as6723.net
asger.xyz
assets.heroku.com
astockcdn.net
atdmt.com
atlassian.com
atn.ua
atom.io
att.com
attachments.f95zone.to
atwiki.jp
audiobookbay.lu
audiophilly.com
augmentcode.com
auth.openai.com
auth0.com
autodesk.com
av-connection.com
avcdn.net
avira.com
awayoutgame.com
azathabar.com
azattyq.org
azureedge.net
azurefd.net
b-cdn.net
babook.org
bacch.com
baginya.org
baibako.tv
baikal-journal.ru
baikal-telecom.net
baltracker.net
bangumi.moe
bard.google.com
basecamp.com
basecampapi.com
bato.to
battle.net
battlebreakers.com
battlefront2.com
battlefrontii.com
bbc.co.uk
bbc.com
bbci.co.uk
bcbits.com
bclearning.top
bdurl.net
beacon3d.com
beatrice-raws.org
beeimg.com
behance.net
bejeweledstars.com
bejewled-stars.com
bell-sw.com
bellingcat.com
belmult.online
benouworldtrip.fr
bestbuy.com
bestchange.ru
big-boss-tracker.net
bihus.info
bing.com
bing.net
bioware.com
biowarestore.com
birkenwald.de
bit-hdtv.com
bitdefender.com
bithq.org
bitnami.com
bitseduce.com
bitsparadise.info
bittor.pw
bittorrent.am
bittorrent.com
bitumconference.ru
biztorrents.com
blackboxgames.com
blackcats-games.net
blackfriday.com
blackseanews.net
blacksparrowmedia.net
blackz.ro
blinkshot.io
blizzardwatch.com
blokas.io
bluebird-hd.org
bluehost.com
bluesky-soft.com
blur.io
bms-hosxp.com
bobbialbano.com
bontal.net
booktracker.org
boominfo.org
boosteroid.com
booth.pm
booth.pximg.net
bosch-home.com
bosch.com
bosch.de
boschaftermarket.com
boschautoparts.com
botnadzor.org
bradyid.com
brave.com
brawlstarsgame.com
bricklink.com
broadcom.com
broccolionline.jp
broncosportforum.com
browser-intake-datadoghq.com
bscstorage.net
bt-club.ws
bt-hash.com
bt4g.com
bt4gprx.com
btdig.com
btnext.com
btod.com
btsync.gq
buanzo.org
buf.build
builds.parsec.app
buny.uk
buymeacoffee.com
by.me
byspotify.com
bytecdn.cn
byted.org
bytedance.com
bytedance.net
bytedanceapi.com
bytedapm.com
bytedns.net
byteeffecttos-g.com
bytefcdn-oversea.com
bytefcdn-ttpeu.com
bytegecko-i18n.com
byteglb.com
byteicdn.com
byteigtm.com
byteimg.com
byteintlapi.com
bytelb.com
byteoversea.com
byteoversea.net
byterunner.io
bytetcdn.com
calculatorsoup.com
cambiumnetworks.com
camelot-europe.com
camelotherald.com
camelotherald.net
camoe.cn
canva-apps.com
canva.com
canva.dev
capacitorjs.com
capcut.com
capitalgames.com
capturingreality.com
carnegieendowment.org
carrefouruae.com
category5.tv
cats.com
cbilling.eu
cbilling.vip
cdn-apple.com
cdn-telegram.org
cdn.cloudflare.net
cdn.web-platform.io
cdnbunny.org
cdninstagram.com
cdnjs.comipset
cdnst.net
cdromance.org
cdw.com
cellmaps.com
censortracker.org
census.gov
certifytheweb.com
cesium.com
championshipseriesleague.com
chaos.com
chat.com
chat.openai.com.cdn.cloudflare.net
chatfuel.com
chatgpt.com
chaturbate.com
cherta.media
chess.com
chihaya.de
chillingo.com
christianbro.pw
cici.com
ciciai.com
ciciaicdn.com
cili001.com
cisco.com
cisecurity.org
citrix.com
clamav.net
clarabridge.net
clashofclans.com
clashroyaleapp.com
claude.ai
claudeusercontent.com
clevelandclinic.org
clickup.com
clients6.google.com
clip.opus.pro
clngaa.com
cloudflare.com
cloudflare.net
cloudflarestatus.com
cloudfront.net
cloudinary.com
cloudtorrents.com
cmems-du.eu
cms-twdigitalassets.com
cncrivals.com
cnd2exp.online
cocalc.com
cock.li
code.gist.build
code2chicken.nl
codebrowser.dev
codeium.com
cohere.com
coingate.com
coinpayments.net
coinsbee.com
coldfilm.xyz
collision33.com
colta.ru
comcast.net
commandandconquer.com
comments.app
community.sophos.com
concen.org
conductrics.com
conquerwithcharacter.com
contabo.com
contest.com
convrgencegame.com
coomer.su
copernicus.eu
copilot.microsoft.com
coppersurfer.tk
corbina.net
corpscorp.online
corsair.com
cortana.ai
coursera.org
cpu-monkey.com
crashlytics.com
credly.com
crowdstrike.com
crunchbase.com
crunchyroll.com
crysis.jp
csskor.ill.in.ua
cub.red
cubicmotion.com
currenttime.tv
cursorinfo.co.il
cutie.dating
cutiegirl.ru
cvedetails.com
cyber-hub.net
cyberghostvpn.com
cyberia.is
cybersecurity-help.cz
cyxymu.info
daemon-tools.cc
dahrkael.net
danbooru.donmai.us
daoc.net
darkageofcamelot.com
darkness-risen.com
darkness.services
darkproject.eu
data-bg.net
data-cdn.mbamupdates.com
data.cline.bot
databricks.com
datascene.net
dating.com
daveking.com
dawngate.com
dawngatechronicles.com
daz3d.com
deadspacegame.com
dealclub.de
decrypt.day
dedibox.fr
deepl.com
deepmind.com
deepmind.google
deepsource.com
deepsource.io
deepstatemap.live
deezer.com
delfi.lt
delfi.lv
delivery.2d.net.co
dell.com
dellcdn.com
demonii.com
demonii.si
demonoid.ch
demonoid.is
demonoid.pw
dependabot.com
depositphotos.com
derpyradio.net
designer.microsoft.com
designify.com
desync.com
devart.com
developer.nvidia.com
devexpress.com
deviantart.com
deviloid.net
devops.com
dhitechnical.com
dice.com
dicela.com
dicela.net
dickssportinggoods.com
diffblue.com
digash.live
digicert.cn
digicert.com
digikey.com
digitalcontent.sky
digitalocean.com
dis.gd
discord-activities.com
discord-attachments-uploads-prd.storage.googleapis.com
discord.co
discord.com
discord.design
discord.dev
discord.gg
discord.gift
discord.gifts
discord.media
discord.new
discord.store
discord.tools
discordactivities.com
discordapp.com
discordapp.net
discordmerch.com
discordpartygames.com
discordsays.com
discours.io
disctech.com
disneyplus.com
dler.org
dmcomic.org
dnb.com
dnsabr.com
docker.io
docs.liquibase.com
docs.rw
dola.com
dorama.live
doramalive.ru
doramy.club
doubleclick.net
dovod.online
download3.omnissa.com
doxa.team
dpidetector.org
dragonage.com
dragonagekeep.com
dragonagemovie.com
dreamhost.com
drumkitx.com
ds.is
dstud.io
ducati.com
duckdns.org
ducks.party
dungeonkeeper.cn
dungeonkeeper.com
dungeonkeeper.com.cn
durukanbal.com
dutchtracking.nl
dw.com
dyne.org
dzcdn.net
e-hentai.org
e-n-c-r-y-p-t.net
e-utp.net
e621.net
ea-anz-press.com
ea.com
eaaccess.com
eablackbox.com
eac-cdn.com
eacashcard.com
eacodigos.com
eafootballworld.com
eamirrorsedge.com
eamobile.com
eamythic.com
eamythic.net
eanordic.com
eaplay.com
easports.com
easports.jp
easportsactive.com
easportsactiveonline.com
easportsfootball.com
easportsfootballclub.com
easportsmma.com
easportsworld.com
eastore.com
easy.ac
easyanticheat.net
easyjet.com
eccdnx.com
echofm.online
ecosia.org
eddie4.nl
editorx.com
edu-cisco.org
edwardk.info
ef.com
ef.edu
eft-project.com
eft-store.com
eggertspiele.de
ej.ru
ekahau.cloud
ekahau.com
ekhokavkaza.com
elastic.co
electro-torrent.pl
electronicarts.com
electronicarts.fr
element14.com
elements.envato.com
elevenlabs.io
elevenreader.io
elgiganten.se
elitezones.ro
engagor.com
engplus.ru
entrust.com
epicgames.com
epicgames.dev
epicgamescdn.com
epidemz.net.co
eporner.com
escapefromtarkov.com
etahub.com
etree.org
etsy.com
eu.org
euronews.com
euroradio.fm
eutrp.eu
everand.com
ex.ua
exchanger.bits.media
exler.ru
expandrive.com
explodie.org
expres.online
ext-twitch.tv
extremetech.com
f1.com
f95-zone.to
fab.com
facebook.com
facebook.net
faceit-cdn.net
faceit.com
familysearch.org
fanatical.com
fansly.com
fast-torrent.club
fast.com
fastflux.ai
fastly-edge.com
fastly.net
fastlylb.net
fastspring.com
fb.com
fbcdn.net
fbsbx.com
ficbook.net
fifastreet.com
fifastreet3.com
filebin.net
filemail.com
filepit.to
files.fm
filmitorrent.net
filmix.ac
filmix.biz
filmix.day
filmix.fm
filmix.la
finbytes.org
findagrave.com
firebit.org
fitbit.com
flashtalking.com
flashtorrents.org
flexpool.io
flibusta.is
flibusta.net
flipboard.com
flir.com
flir.eu
flourish.studio
fls.guru
fluke.com
flukenetworks.com
flyertalk.com
flying-datacenter.de
fn-volga.ru
fncstatic.com
fnix.net
fonge.org
footballapi.pulselive.com
footprintpredict.com
force-user-content.com
force.com
forklog.com
formula1.com
fortanga.org
fortiguard.com
fortinet.com
fortnite.com
fortu.io
forum.netgate.com
forum.ru-board.com
fotoforensics.com
foxnews.com
fragment.com
framer.com
freedomletters.org
freeimages.com
freemedia.io
freemyip.com
frontline-mod.com
frostbite.com
frozen-layer.net
ftcdn.net
fujitsu.com
funfile.org
futpromos.com
futunited.com
futurelearn.com
fxnetworks.com
g2a.com
g711.org
gagadget.com
gambody.com
gamecoast.org
gamedistribution.com
gameloft.com
gamepass.com
gamesrepack.com
gamestop.com
gamexp.ru
gaming.amazon.com
gbitt.info
gcrenwp.top
geforcenow.com
gelbooru.com
geller-pa.googleapis.com
gemini.google
gemini.google.com
generativeai.google
generativelanguage.googleapis.com
genesis-sp.org
genspark.ai
geolocation.onetrust.com
geospy.ai
germania.one
getoutline.com
getoutline.org
getsafeonline.org
gfn.am
ggpht.cn
ggpht.com
gh.io
ghcr.io
ghidra-sre.org
ghostchu-services.top
ghostgames.com
ghostrc.game.idtech.services
gigatorrents.ws
git.io
github.ai
github.blog
github.com
github.community
github.dev
github.io
githubapp.com
githubassets.com
githubcopilot.com
githubhackathon.com
githubnext.com
githubpreview.dev
githubstatus.com
githubuniverse.com
githubusercontent.com
gl-inet.com
global.fncstatic.com
global.platform.seconddinnertech.com
glpals.com
gmi.gd
godaddy.com
gofile.io
gofundme.com
golosameriki.com
gonitro.com
goodreads.com
google.com
google.dev
googleapis.com
googleplay.com
googleusercontent.com
googlevideo.com
googlezip.net
gov.ua
gpsonextra.net
gpt3-openai.com
gpu-monkey.com
gql.twitch.tv
gr-assets.com
grafana.com
grammarly.com
grani.ru
graph.org
graty.me
graylog.org
grazie.ai
grepler.com
grifon.info
grizzlysms.com
grok.com
groq.com
groupon.com
grouponcdn.com
gstatic.com
guilded.gg
gulagu.net
gvt1.com
habr.com
habrastorage.org
hackernoon.com
hackmd.io
halfchub.club
halooglasi.com
hama3.net
happ-proxy.com
happ.su
harry.lu
hashicorp.com
hashkey.com
haydaygame.com
hbomax.com
hc-ping.com
hchk.io
hd-rezka.tv
hdkinoteatr.com
hdreactor.org
hdrezka.ac
hdrezka.ag
hdrezka.me
healthline.com
heihachi.pw
hellonotion.com
hentai-foundry.com
heroesofdragonage.com
heroku.com
herokuapp.com
herokucdn.com
hetzner.com
hex-rays.com
hificode.in
hifimarket.in
historyofdota.com
historyofdota.net
historyofdota.org
hkg-fansub.info
hliang.com
hollisterco.com
holod.media
home-connect.cn
home-connect.com
home.by.me
hostgator.com
hostinger.com
hotels.com
hotplug.ru
hpe.com
hqporner.com
hromadske.ua
hs.fi
htmhell.dev
humblebundle.com
hume.ai
hutpromos.com
hwcdn.net
hybrid-analysis.com
hyprsense.com
hypstarcdn.com
hyundainews.com
i.sakh.com
i2p.rocks
iaai.com
iamhansen.xyz
ibm.com
ibytedtos.com
ibyteimg.com
icd10data.com
icloud-apple.cn
icloud-content.com
icloud-isupport.com
icloud-sandbox.com
icloud.ch
icloud.com
icloud.com.cn
icloud.de
icloud.ee
icloud.fi
icloud.fr
icloud.hu
icloud.ie
icloud.is
icloud.jp
icloud.lv
icloud.om
icloud.org
icloud.pt
icloud.ro
icloud.se
icloud.si
icloud.sk
icloud.vn
icloudads.net
icloudapple.cn
icloudbox.net
icloudbrowser.net
icloude.com
icloudhome.com
icloudmail.net
icloudmusic.net
icloudnet.net
icloudo.com
icloudo.de
icloudo.net
icloudos.de
icloudos.net
icloudpay.net
icloudsecure.net
icloudsetup.com
idelreal.org
iditelesombase.org
idtech.services
iedb.org
ig.me
ign.com
iherb.com
iichan.hk
ikea.com
ilook.tv
image.tmdb.org
imagecache365.com
imem.app
imgix.net
imgoingto.icu
imgur.com
important-stories.com
indeed.com
indiehackers.com
indowebster.com
industrialtoys.com
infineon.com
informit.com
insanelymac.com
insearch.site
insideevs.com
instagram.com
install.launcher.omniverse.nvidia.com
instituteofwar.org
intel.com
intel.de
intel.nl
intelix.sophos.com
intellij.net
intellipaat.com
interactivebrokers.co.uk
intercom.io
intercomassets.com
intercomcdn.com
interfax.com.ua
internalfb.com
internetwarriors.net
intuit.com
intuitibits.com
ionos.com
ios-icloud.com
ip-51-68-199.eu
ip-91-121-106.eu
iperf3serverlist.net
iplay.ro
ipstatp.com
iptv.online
ipv6tracker.org
ipv6tracker.ru
is.fi
isnssdk.com
istories.media
itninja.com
itsmycity.ru
itzmx.com
jabra.com
jamf.com
jetbrains.ai
jetbrains.com
jetbrains.space
jnn-pa.googleapis.com
joesandbox.com
joyreactor.cc
jsb.by
jsfiddle.net
jskor.ill.in.ua
jtvnw.net
jules.google
jules.google.com
jut-su.net
jut.su
jw-russia.org
jw.org
kaktus.media
kaleido.ai
kali.org
kamatera.com
kamigami.org
kanal-4.de
kara.su
kasparov.ru
kavkaz-uzel.eu
kavkazr.com
kebhana.mx
keepgrowing.in
keepsolid.com
kemono.su
keysight.com
kickasstracker.com
kino.pub
kinogo.ec
kinogo.la
kinogo.uk
kinorun.com
kinovod.net
kinozal.guru
kinozal.me
kinozal.tv
kinozaltv.life
klaviyo.com
kmail-lists.com
knews.kg
knowyourmeme.com
koli.services
kolsar.org
kor.ill.in.ua
korrespondent.net
kovcheg.live
kowalski7cc.xyz
kroger.com
krs-ix.ru
krymr.com
kupikod.com
kupujemprodajem.com
kuroy.me
kxmp.cf
kym-cdn.com
labs.google
lambdalabs.com
lamcdn.net
langdock.com
lanta-net.ru
lanta.me
lantern.io
lcsmerch.com
ldoceonline.com
le-production.tv
leafletjs.com
leaguehighschool.com
leagueoflegends.ca
leagueoflegends.cn
leagueoflegends.com
leagueoflegends.info
leagueoflegends.kr
leagueoflegends.net
leagueoflegends.org
leagueoflegendsscripts.com
leaguesharp.info
leaguoflegends.com
learnbits.me
learnwithleague.com
leech.ie
leechers-paradise.org
leechshield.link
legra.ph
lei001.com
leica-geosystems.com
lelux.fi
lenso.ai
leopard-raws.org
letyshops.com
lgeapi.com
lgthinq.com
libgen.li
licdn.com
lidarr.audio
lifehacker.com
lightburnsoftware.com
lightning.ai
line-net.ru
linear.app
linkedin.com
linktr.ee
lintk.me
linuxiac.com
lipstickalley.com
liquibase.com
liquidsky.com
list-manage.com
live-video.net
live.com
live.net
livefilestore.com
livekit.cloud
livetv.sx
liveuamap.com
llamameta.net
llnw.net
locals.md
logo.com
lol-europe.com
lolclub.org
lolespor.com
lolesports.com
lolfanart.net
lolicon.eu
lolpcs.com
lolstatic.com
lolusercontent.com
lolz.guru
lookerstudio.google.com
lordofultima.com
lorzl.gq
lostfilm.download
lostfilm.tv
lostfilmtv2.site
loushao.net
loveapp.com
lowes.com
lpl.com.cn
lu4.org
lucid.app
m-team.cc
m3u.in
mabo.ltd
macpaw.com
macvendors.com
maddenchampionship.com
maddenrewards.com
maddenseason.info
maddenseason.net
maddenseason.org
mail-api.proton.me
mailchi.mp
mailerlite.com
mailfence.com
mailinator.com
mailo.com
make.com
makersuite.google.com
malwarebytes.com
malwarebytes.org
manecaped.com
mangadex.org
mangahub.ru
mangapark.net
manlaxy.com
manus.cdn
manus.im
manyvids.com
mapfactor.com
martin-gebhardt.eu
marvelsnap.com
mashable.com
masseffect.com
masseffectarchives.com
masters-tb.com
matrix.org
mattermost.com
max.com
maximintegrated.com
maxis.com
mbamupdates.com
mbed.com
mbk-news.appspot.com
mbrx.app
me.com
mediaclub.tv
mediazona.ca
medicalnewstoday.com
medium.com
meduza.io
meest-shop.com
megapeer.ru
megapeer.vip
megaphone.fm
megatorrents.kg
megogo.net
meraki.com
mercax.com
merezha.co
meshcapade.com
meta.ai
meta.com
metacritic.com
metademolab.com
metal-archives.com
metla.press
metopera.org
mgtracker.org
michaelkors.global
microchip.com
microsoft.com
microsoft.us
middlewareinventory.com
midea123.z-media.com.cn
mignews.com
militarnyi.com
milliontorrent.pl
minglong.org
minimafia.nl
mininova.org
miracleptr.wordpress.com
mirrorsedge.com
mirrorsedge.jp
mirrorsedge.net
mirrorsedge2.com
mirrorsedge2d.com
mixcloud.com
mixfiend.com
moeblog.cn
moeking.me
molesports.com
moneypuck.com
mongodb.com
mongodb.net
monocul.us
monoprice.com
monotype.com
monotypefonts.com
monster.ie
more.fm
moscowtimes.ru
mouser.com
mouser.fi
moxing.party
mp3quran.net
msads.net
msedge.net
msm8916.com
msn-net.ru
msn.com
msocsp.com
mssg.me
mtahost.co
mullvad.net
multporn.net
muscdn.com
musemuse.cn
musica.ly
musical.ly
musically.ly
musixmatch.com
mvgroup.org
mw2.wiki
mydoramy.club
myfonts.com
myheritage.com
myicloud.net
myjetbrains.com
mylcloud.net
myoctocat.com
myparallels.com
myprepaidcenter.com
myqcloud.com
myqrcode.com
myrotvorets.center
mysims.com
mysimsracing.com
mythicentertainment.com
mythicentertainment.net
mythicgames.com
mywaifu.best
mzstatic.com
n-blade.ru
nanoha.org
naukimg.com
naukri.com
navalny.com
nba.com
nbaonlineservice.com
needforspeed.com
needforspeedboost.com
needforspeeddriftkings.com
needforspeedeliminator.com
needforspeedlightning.com
needforspeedoverdrive.com
needforspeedproven.com
needforspeedredline.com
needforspeedshowdown.com
needforspeedstreetkings.com
needforspeedtakedown.com
needforspeedtherun.com
needforspeedtimeattack.com
needforspeedundergroundeast.com
neformat.com.ua
neo4j.com
net.cn
net.nz
netflix.ca
netflix.com
netflix.net
netflixinvestor.com
netflixstudios.com
netflixtechblog.com
netgate.com
netlify.com
networksolutions.com
newark.com
news.google.com
newsroom.porsche.com
newsru.co.il
newsru.com
newtimes.ru
nextrp.ru
nfl.com
nflxext.com
nflximg.com
nflximg.net
nflxsearch.net
nflxso.net
nflxvideo.net
nfsworld.com
ngrok.com
nhentai.com
nhentai.net
nhl.com
nibba.trade
nicegram.app
nih.gov
nike.com
nippon.com
nitrix.me
nitropdf.com
nnmclub.to
nnmstatic.win
noobsubs.net
nordaccount.com
nordcdn.com
nordvpn.com
norton.com
notebooklm.google
notebooklm.google.com
notepad-plus-plus.org
notion-emojis.s3-us-west-2.amazonaws.com
notion-media.com
notion-static.com
notion.com
notion.new
notion.site
notion.so
notionup.com
notionusercontent.com
novaline.fm
novaopcj.icu
novaya.no
novayagazeta.eu
novayagazeta.ru
nsatc.net
ntc.party
ntp.msn.com
nts.su
nvidia.com
nwps.ws
nxp.com
nyaa.uk
nyaatorrents.info
nyaatracker.com
nyacat.pw
nyap2p.com
oaistatic.com
oaiusercontent.com
oasis.app
oclc.org
ocstore.com
octocaptcha.com
octopart-clicks.com
octopart.com
octostatic.com
oculus.com
ohmyswift.ru
oi.legal
okmp3.ru
okx.com
olx.ua
omnissa.com
omtrdc.net
omv-extras.org
on.net
one.one.one.one
onedrive.co
onedrive.com
onedrive.eu
onedrive.net
onedrive.org
onetrust.com
onfastspring.com
onlinesim.io
onshape.com
ookla.com
ooklaserver.net
opal.google
open-internet.nl
openai.com
openbittorrent.com
openculture.com
openh264.org
openmedia.io
openrouter.ai
opensanctions.org
opensea.io
opensource.guide
opentor.org
opentracker.io
opentracker.se
opentracker.xyz
opentrackr.org
opposition-news.com
opus.pro
oracle.com
oraclecloud.com
orel.ru
org.uk
origin.com
origin.tv
orithegame.com
ottg.app
outflank.nl
ovd.info
ovd.legal
ovd.news
ovdinfo.org
overcast.fm
overflow.biz
ovh.net
ozodi.org
padi.com
pages.dev
pandasecurity.com
pap.pl
paperpaper.io
paperpaper.ru
paragon.com
parallels.cn
parallels.com
parallels.net
parallelsaccess.com
paraswap.io
parrotlinux.org
parrotsec.org
parsec.app
parts-express.com
patreon.com
patriot.dp.ua
pb.wtf
pcbway.com
pcgamesn.com
pcmag.com
peerfect.org
penguin.com
penguinrandomhouse.com
perforce.com
periscope.tv
peter-tanner.com
pexels.com
philscomputerlab.com
phishtank.com
phncdn.com
phncdn.com.sds.rncdn7.com
photonengine.com
pimeyes.com
pimpletv.ru
pin.it
pinata.cloud
pingdom.com
pingtest.net
pinimg.com
pinterest.at
pinterest.be
pinterest.ca
pinterest.ch
pinterest.cl
pinterest.co
pinterest.com
pinterest.com.au
pinterest.com.bo
pinterest.com.ec
pinterest.com.mx
pinterest.com.pe
pinterest.com.py
pinterest.com.uy
pinterest.com.vn
pinterest.de
pinterest.dk
pinterest.ec
pinterest.engineering
pinterest.es
pinterest.fr
pinterest.hu
pinterest.id
pinterest.ie
pinterest.in
pinterest.info
pinterest.it
pinterest.jp
pinterest.kr
pinterest.mx
pinterest.net
pinterest.nl
pinterest.nz
pinterest.pe
pinterest.ph
pinterest.pt
pinterest.ru
pinterest.se
pinterest.th
pinterest.tw
pinterest.uk
pinterest.vn
pinterestmail.com
pinyuncloud.com
piratbit.top
pirateparty.gr
piratepublic.com
pitaya-clientai.com
pixabay.com
pkgs.tailscale.com
pki.goog
plantsvszombies2.com
platform.activestate.com
play4free.com
playapex.com
playartifact.com
playboy.com
playparagon.com
playvalorant.com
plugin-alliance.com
plugshare.com
pluralsight.com
plx.im
pm.me
pmman.tech
pny.com
pogo.com
pogobeta.com
poletracker.org
polit.ru
politico.eu
politiken.dk
polymarket.com
pomf.se
popcap.com
popcorn-tracker.org
pornhub.com
pornhub.org
pornolab.net
porsche.com
portal.lviv.ua
posle.media
postimees.ee
potuk.com
pow7.com
pphimalayanrt.com
pravda.com
pravda.com.ua
premierleague.com
primevideo.com
privatekeys.pw
prnt.sc
proactivebackend-pa.googleapis.com
proaudiotorrents.org
production-openaicom-storage.azureedge.net
proekt.media
projectapex.com
projectk.org
promods.net
prosleduetmedia.com
prostovpn.org
proton.me
protonmail.ch
protonmail.com
protonstatus.com
protontech.ch
protonvpn.ch
protonvpn.com
protonweb.com
provereno.media
prowlarr.com
pscdn.co
pscp.tv
psiphon.ca
pstatp.com
ptc.com
public.parsec.app
publicbt.com
publictracker.ch
publictracker.xyz
pulselive.com
pump.fun
pusacg.org
pussytorrents.org
pvp.net
pvp.tv
pvzgw2.com
pvzheroes.com
qaweb.dev
qcad.org
qobuz.com
qt.io
qtlglb.com
qu.ax
qualcomm.com
qualtrics.com
queniujq.cn
queniuqe.com
quicknode.com
quixel.com
quixel.se
quiz.directory
quora.com
quora.com.cdn.cloudflare.net
qwapi.com
r4.err.ee
radarr.video
radgametools.com
radio-t.com
radiosakharov.org
radiosvoboda.org
rarbg.com
rarbg.me
rarbg.to
ratatype.com
raycast-releases.com
raycast.com
razer.com
rbc.ua
reactflow.dev
readdle.com
ready4.icu
readybot.io
realist.online
realityscan.com
realliferpg.de
recraft.ai
redd.it
reddit.com
redditblog.com
reddithelp.com
redditinc.com
redditmail.com
redditmedia.com
redditspace.com
redditstatic.com
redditstatus.com
reddxxx.com
redgifs.com
redis.com
redis.io
redislabs.com
redshieldvpn.com
reedlan.com
refactoring.guru
refinitiv.com
regrucolo.ru
reka.ai
remna.st
remove.bg
render-state.to
renfei.net
renovacionxboxlive.com
rentry.co
rentry.org
repo.new
republic.ru
rer.lol
research.net
resonatingmedia.com
resp.app
returnyoutubedislikeapi.com
reve.art
reverb.com
rezka-ua.in
rezka.ag
rezka.my
rezkify.com
rezonans.media
rf.dobrochan.net
rferl.org
rgpub.io
rima.media
riot-games.com
riot.com
riot.net
riotcdn.net
riotforgegames.com
riotgames.com
riotgames.info
riotgames.jp
riotgames.net
riotgames.tv
riotpin.com
riotpoints.com
riperam.org
riseup.net
roar-review.com
roborecall.com
root-nation.com
rootonline.de
roskomsvoboda.org
rstatic.net
rublacklist.net
rucast.net
ruckuswireless.com
ruinedking.com
rule34.art
rule34.xxx
rus.delfi.ee
rus.jauns.lv
ruscryde.net
rutor.info
rutor.is
rutor.org
rutracker.cc
rutracker.net
rutracker.org
rutracker.wiki
s.team
sakhalin.info
sakharovfoundation.org
salesforce-experience.com
salesforce-hub.com
salesforce-scrt.com
salesforce-setup.com
salesforce-sites.com
salesforce.com
salesforceiq.com
salesforceliveagent.com
samsclub.com
sap.com
saverudata.net
sbom.sh
sbsub.com
scambioetico.org
scdn.co
schaeffler.com
schenker-tech.de
sci-hub.se
sci-hub.st
scryde.io
scryde.net
scryde.ru
scryde.world
scryde1.net
scryde10.net
scryde11.net
scryde12.net
scryde2.net
scryde3.net
scryde4.net
scryde5.net
scryde6.net
scryde7.net
scryde8.net
scryde9.net
sdxcentral.com
seaofsolitude.com
searchfloor.org
seasonvar.ru
seconddinnertech.com
securitytrails.com
seeders-paradise.org
seekvectorlogo.net
selezen.org
semnasem.org
semrush.com
sendy.jp
sentry.dev
sentry.io
sephora.com
serato.com
serialcart.com
serif.com
servandroidkino.ru
servarr.com
serverkast.com
serving-sys.com
setapp.com
severreal.org
sevstar.net
sfdcopens.com
sgpstatp.com
sgsnssdk.com
shadowcomplex.com
shahidrazi.online
shikimori.me
shiksha.com
shinyhardware.co.uk
shiza-project.com
shkinev.me
shnflac.net
shop.gameloft.com
showip.net
showtime.com
shubt.net
siambt.com
sibreal.org
siemens.com
signal.org
simcity-buildit.com
simcity.com
simplex.chat
simplex.im
simplix.info
singlekey-id.com
site.com
skat.media
skate2.com
sketchfab.com
sketchup.com
skiff.com
skladchik.com
sklatchiki.ru
sktorrent.eu
sky.com
skycdp.com
skynetcloud.site
skyshowtime.com
skyts.net
slashlib.me
slavicsac.com
slideshare.net
slifki.biz
sloppyta.co
smartbear.co
smartbear.com
smartdeploy.com
sms-activate.io
snapgene.com
sndcdn.com
snort.org
snssdk.com
snyk.io
soapui.org
sobesednik.com
solarwinds.com
sophos.com
sora.com
sotaproject.com
soundcloud.cloud
soundcloud.com
sovetromantica.com
spacelift.io
spaceship.com
spark-rostov.ru
spearhead.kr
speedhunters.com
speedtest.co
speedtest.net
speedtestcustom.com
spektr.press
spiceworks.com
spiegel.de
spitfireaudio.com
splunk.com
splunkcloud.com
spore.com
spoti.fi
spotify-everywhere.com
spotify.com
spotify.design
spotify.link
spotifycdn.com
spotifycdn.net
spotifycharts.com
spotifycodes.com
spotifyforbrands.com
spotifyjobs.com
spreadthesign.com
sputnikipogrom.com
spyjinx.com
squadbustersgame.com
squareup.com
squietpc.com
srv00.com
ssx3.com
st.com
stalker2.com
startpage.com
startwork.cv
starwarsbattlefront.com
starwarsbattlefront2.com
starwarsfallenorder.com
starwarsjedifallenorder.com
starwarstheoldrepublic.com
static.lostfilm.top
statology.org
stealth.si
steam-api.com
steam-chat.com
steam.tv
steamchina.com
steamcommunity.com
steamcontent.com
steamdeck.com
steamgames.com
steamidfinder.com
steampowered.com
steampowered.com.8686c.com
steamserver.net
steamstat.info
steamstatic.com.8686c.com
steamusercontent.com
steganos.com
stel.com
stereophile.com
stitch.withgoogle.com
stockx.com
strana.news
strana.today
strava.com
studychat.app
suggestqueries.google.com
summerana.com
sumy.ua
supercell.com
supersliv.biz
support.xerox.com
supremacy.com
supremacy.net
surfshark.com
surveymonkey.com
suspilne.media
svidomi.in.ua
svoboda.org
svoi.kr.ua
svtv.org
swagger.io
swiftgram.app
swissinfo.ch
swjedifallenorder.com
swjfo.com
swtor.com
swtor.net
syncfusion.com
synoforum.com
sysdig.com
t-1.org
t-invariant.org
t.co
t.me
tableau.com
tace.ru
tailscale.com
talosintelligence.com
tambovnet.org
tamersunion.org
target.com
tarkov.com
tasvideos.org
tayga.info
tc-boxing.com
tdesktop.com
tdjs.tech
te-st.org
te.com
teambelgium.net
teamneedforspeed.com
teamviewer.com
techbargains.com
tehconnection.eu
teleg.xyz
telega.one
telegra.ph
telegraf.by
telegraf.news
telegram-cdn.org
telegram.ai
telegram.asia
telegram.biz
telegram.cloud
telegram.cn
telegram.co
telegram.com
telegram.de
telegram.dev
telegram.dog
telegram.eu
telegram.fr
telegram.host
telegram.in
telegram.info
telegram.io
telegram.jp
telegram.me
telegram.net
telegram.org
telegram.qa
telegram.ru
telegram.services
telegram.solutions
telegram.space
telegram.team
telegram.tech
telegram.uk
telegram.us
telegram.website
telegram.xyz
telegramapp.org
telegramdownload.com
telegraph.co.uk
telemetr.io
telesco.pe
tellapart.com
tellmewhygame.com
templatemonster.com
tempmail.plus
temu.com
tenable.com
terraform.io
teslasoft.org
tg.dev
tg.org
tgram.org
the-village.ru
theaudiodb.com
thebarentsobserver.com
thebell.io
thedreadwolfrises.com
theempire.bz
thegeeks.bz
thegithubshop.com
theins.press
theins.ru
themoviedb.org
theoccult.bz
thepiratebay.org
theplace.bz
therarbg.to
thesassway.com
thesims.com
thesims3.com
thesims4.com
thesimssocial.com
thetracker.org
thetradersden.org
thetruestory.news
thevault.bz
thinkpads.com
thomas-krenn.com
threads.net
threema.ch
ti.com
tiberiumalliances.com
tiburon.com
tidal.com
tik-tokapi.com
tiktok-minis.com
tiktok-row.net
tiktok-row.org
tiktok.com
tiktokapis.com
tiktokcdn-eu.com
tiktokcdn-eu.net
tiktokcdn-in.com
tiktokcdn-us.com
tiktokcdn.com
tiktokd.net
tiktokd.org
tiktokder.com
tiktokeu-cdn.com
tiktokglobalshop.com
tiktokglobalshopv.com
tiktoklb.eu
tiktoklinksafety.eu
tiktokminis.us
tiktokmusic.app
tiktokpangle-cdn-us.com
tiktokpangle.us
tiktokrow-cdn.com
tiktokshop.com
tiktokstalk.com
tiktokstaticb.com
tiktokv.com
tiktokv.eu
tiktokv.us
tiktokw.eu
tiktokw.us
timberland.com
timberland.de
tiny-vps.com
tiptop-vpn.com
titanfall.com
tlivecdn.com
tmdb-image-prod.b-cdn.net
tmdb.com
tmdb.org
tnt-ea.com
tom.ru
tommy.com
ton.org
toolbox.app
torg.org
torproject.org
torrent-team.net
torrentbay.to
torrentbytes.net
torrentclub.online
torrentclub.tech
torrenteditor.com
torrentgalaxy.to
torrentleech.org
torrents-nn.cn
torrentsmd.com
torrentsnipe.info
torrentsnows.com
torrenty.org
torrentyorg.pl
torrentzilla.org
torrust-demo.com
tospotify.com
toss.li
touki.ru
tracker.army
tracker.bz
tracker.sh
tracker.wf
tracker810.xyz
trackerfix.com
trackerlist.xyz
trackton.ga
trae.ai
trafficmanager.net
trailblazer.me
trailhead.com
transmissionbt.com
trellix.com
tria.ge
tribalmixes.com
tricitytorrents.com
trionworlds.com
tritan.gg
trueblackmetalradio.com
trustarc.com
truthsocial.com
tryhackx.org
tsmc.com
tsundere.pw
ttapis.com
ttdns2.com
ttdns3.com
ttlivecdn.com
ttoversea.net
ttoverseaus.net
ttvnw.net
ttwebview.com
ttwstatic.com
turbobit.net
tuta.com
tuta.io
tutanota.com
tvfreedom.io
tvn24.pl
tvrain.ru
tvrain.tv
tweetdeck.com
twimg.com
twinmotion.com
twirpx.com
twitch.tv
twitchcdn.net
twitchsvc.net
twitpic.com
twitter.biz
twitter.com
twitter.jp
twittercommunity.com
twitterflightschool.com
twitterinc.com
twitteroauth.com
twitterstat.us
twtrdns.net
twttr.com
twttr.net
twvid.com
tx.me
typekit.com
typekit.net
typing.com
uatracker.net
uaudio.com
ubi.com
ubnt.com
ufibox.com
ui.ill.in.ua
uifr.ru
uizard.io
ukr.net
ukr.radio
ukrtelcdn.net
ulol.com
ultimaforever.com
ultimaker.com
ultimaonline.com
ultraedit.com
underlords.com
undress.cc
unian.ua
uniswap.org
unravel2.com
unraveltwo.com
unrealengine.com
unrealtournament.com
unscreen.com
uo.com
uoherald.com
upeer.me
upwork.com
uraniumhexafluori.de
usa.one
usatoday.com
usercontent.dev
usercontent.goog
usher.ttvnw.net
utorrent.com
uw0.xyz
v6speed.org
vagrantcloud.com
vaio.com
valvesoftware.com
vanitycore.co
vdsina.com
vectahosting.eu
vectorworks.net
veeam.com
veritas.com
verstka.media
vesma.one
vesma.today
vesty.co.il
vibe.community
viber.com
vice.com
videoenpoche.info
vine.co
viperatech.com
vipergirls.to
visceralgames.com
visualcapitalist.com
vmware.com
vndb.org
voanews.com
voidboost.cc
volkswagen-classic-parts.com
vot-tak.tv
vpn-ru.net
vpngate.net
vpngen.org
vpnlove.me
vpnpay.io
vpnunlimited.com
vulnix.sh
vuze.com
vyos.io
w.atwiki.jp
wa.me
waaa.moe
wakanim.tv
walletconnect.com
walmart.com
wareztorrent.com
wassermann.online
watchguard.com
watermarkremover.io
wbagora.com
wbgames.com
wdfiles.com
we.tl
weather.com
Weather.com
web-platform.io
webex.com
webnames.ca
weborama.nl
webra.ru
webscraper.io
webtest.net
webtoons.com
weebly.com
wellfound.com
welt.de
wepzone.net
wetransfer.com
whatsapp.com
whatsapp.net
wide-youtube.l.google.com
widgetapp.stream
wiki.fextralife.com
wikidot.com
wilsoncenter.org
windguru.cz
windows.com
windows.net
windows10spotlight.com
windowsazure.com
windowsupdate.com
windsurf.com
withgoogle.com
withyoutube.com
wk.cz
wmsj.cn
wmsjsteam.com
wonderclub.com
wonderzine.com
workos.com
worldboxingvideoarchive.com
wpengine.com
wtftrackr.xyz
wunderground.com
www.speedtest.net
www3.corsair.com
wwwicloud.com
wwwww.wtf
x-fins.com
x.ai
x.com
xbox.co
xbox.com
xbox.eu
xbox.org
xbox360.co
xbox360.com
xbox360.eu
xbox360.org
xboxab.com
xboxgamepass.com
xboxgamestudios.com
xboxlive.com
xboxone.co
xboxone.com
xboxone.eu
xboxplayanywhere.com
xboxservices.com
xboxstudios.com
xbx.lv
xdsummit.com
xerox.com
xfantazy.com
xhamster.com
xhamsterlive.com
xhcdn.com
xiaoduola.xyz
xmg.gg
xnxx-cdn.com
xnxx.com
xnxx.net
xnxx.tv
xnxx3.com
xsts.auth.xboxlive.com
xtracloud.net
xv-ru.com
xvideos-cdn.com
xvideos.com
xwt-classics.net
xxxtor.com
xxxxbt.cc
yande.re
yeggi.com
yemekyedim.com
ygsub.com
yi.org
yithemes.com
yle.fi
yogify.com
yoshi210.com
yourdictionary.com
youtrack.cloud
youtu.be
youtube-nocookie.com
youtube-ui.l.google.com
youtube.ae
youtube.al
youtube.am
youtube.at
youtube.az
youtube.ba
youtube.be
youtube.bg
youtube.bh
youtube.bo
youtube.by
youtube.ca
youtube.cat
youtube.ch
youtube.cl
youtube.co
youtube.com
youtube.com.ar
youtube.com.au
youtube.com.az
youtube.com.bd
youtube.com.bh
youtube.com.bo
youtube.com.br
youtube.com.by
youtube.com.co
youtube.com.do
youtube.com.ec
youtube.com.ee
youtube.com.eg
youtube.com.es
youtube.com.gh
youtube.com.gr
youtube.com.gt
youtube.com.hk
youtube.com.hn
youtube.com.hr
youtube.com.jm
youtube.com.jo
youtube.com.kw
youtube.com.lb
youtube.com.lv
youtube.com.ly
youtube.com.mk
youtube.com.mt
youtube.com.mx
youtube.com.my
youtube.com.ng
youtube.com.ni
youtube.com.om
youtube.com.pa
youtube.com.pe
youtube.com.ph
youtube.com.pk
youtube.com.pt
youtube.com.py
youtube.com.qa
youtube.com.ro
youtube.com.sa
youtube.com.sg
youtube.com.sv
youtube.com.tn
youtube.com.tr
youtube.com.tw
youtube.com.ua
youtube.com.uy
youtube.com.ve
youtube.cr
youtube.cz
youtube.de
youtube.dk
youtube.ee
youtube.es
youtube.fi
youtube.fr
youtube.ge
youtube.gr
youtube.gt
youtube.hk
youtube.hr
youtube.hu
youtube.ie
youtube.in
youtube.iq
youtube.is
youtube.it
youtube.jo
youtube.jp
youtube.kr
youtube.kz
youtube.la
youtube.lk
youtube.lt
youtube.lu
youtube.lv
youtube.ly
youtube.ma
youtube.md
youtube.me
youtube.mk
youtube.mn
youtube.mx
youtube.my
youtube.ng
youtube.ni
youtube.nl
youtube.no
youtube.pa
youtube.pe
youtube.ph
youtube.pk
youtube.pl
youtube.pr
youtube.pt
youtube.qa
youtube.ro
youtube.rs
youtube.ru
youtube.sa
youtube.se
youtube.sg
youtube.si
youtube.sk
youtube.sn
youtube.soy
youtube.sv
youtube.tn
youtube.tv
youtube.ua
youtube.ug
youtube.uy
youtube.vn
youtubeeducation.com
youtubeembeddedplayer.googleapis.com
youtubefanfest.com
youtubegaming.com
youtubego.com
youtubego.com.br
youtubego.id
youtubego.in
youtubei.googleapis.com
youtubekids.com
youtubemobilesupport.com
ysagin.top
yt-video-upload.l.google.com
yt.be
yt3.googleusercontent.com
ytimg.com
ytimg.l.google.com
yting.com
yummyani.me
yuwabits.net
yxgz.club
zahav.ru
zapier-deployment.com
zapier.com
zbigz.com
zedge.net
zelenaya.net
zemoj.com
zendesk.com
zendesk.de
zer0day.ch
zer0day.to
zerkalo.io
zerobytes.xyz
zerossl.com
zetalliance.org
zf.com
zhuqiy.com
zlofenix.org
zona.media
zone-torrent.net
zooki.xyz
zoosk.com
zsw.ca
zt.ua
zukizuki.org
zum.bi
zupix.online