01math.com
1c.ru
1tv.ru
2gis.ru
360tv.ru
4ege.ru
5-tv.ru
7dach.ru
7days.ru
9111.ru
abramtsevo.net
afisha.ru
agroserver.ru
aif.ru
alfabank.ru
aliexpress.ru
allhockey.ru
app.matchtv.ru
apteka.ru
aptekamos.ru
ar.culture.ru
arbitr.ru
arhangelskoe.su
artchive.ru
arzamas.academy
asna.ru
audit.gov.ru
author.today
auto.ru
autonews.ru
autorambler.ru
avtodor-tr.ru
avtovzglyad.ru
baby.ru
babyblog.ru
banki.ru
barahla.net
beru.ru
bitrix.info
bkvet.ru
blizko.ru
bolshoi.ru
borodino.ru
bre.mkrf.ru
bso.ru
cbr.ru
championat.com
chitalnya.ru
cian.ru
cifra.school
cikrf.ru
consultant.ru
cosmo.ru
ctc.ru
culture.ru
cyberleninka.ru
datalesson.ru
delivery-club.ru
dnevnik.ru
dobro.ru
domashniy.ru
domclick.ru
dop.edu.ru
doverie-tv.ru
dppo.edu.ru
drive2.ru
drom.ru
dzvr.ru
e-katalog.ru
eapteka.ru
edadeal.ru
edimdoma.ru
edu.ru
ekovolga.com
elducation.ru
elementy.ru
elibrary.ru
f1news.ru
fa.ru
fantlab.ru
fighttime.ru
film.ru
fipi.ru
fitseven.ru
fmbaros.ru
forumhouse.ru
foxford.ru
friday.ru
fss.ru
fssprus.ru
garant.ru
gaso.ru
gazeta.ru
gazprombank.ru
gismeteo.ru
gks.ru
gosfilmofond.ru
goskatalog.ru
gosuslugi.ru
gov.ru
government.ru
gu-st.ru
habr.com
hermitagemuseum.org
hh.ru
hi-news.ru
histrf.ru
icq.com
ilibrary.ru
in-space.ru
indicator.ru
infourok.ru
inlearno.ru
interfax.ru
interneturok.ru
irecommend.ru
irr.ru
iz.ru
karusel-tv.ru
khl.ru
kino-teatr.ru
kinoafisha.info
kinopoisk.ru
kipmu.ru
knigogid.ru
kodeks.ru
kolesa.ru
kommersant.ru
kopilkaurokov.ru
kp.ru
kreml-alexandrov.ru
kreml.ru
kremlin.ru
ksrf.ru
lektorium.tv
lemanapro.ru
lenta.ru
leroymerlin.ru
letidor.ru
lib.ru
life.ru
litres.ru
livejournal.com
livelib.ru
livesport.ru
m24.ru
maam.ru
mail.ru
mariinsky.ru
may9.ru
mediametrics.ru
mega-talant.com
mel.fm
mil.ru
minobrnauki.ru
mir24.tv
mirtesen.ru
mk.ru
mkb.ru
mkrf.ru
mob-edu.ru
moluch.ru
mos.ru
mosenergosbyt.ru
mosmetod.ru
mosreg.ru
msu.ru
multiurok.ru
muz-tv.ru
mvd.ru
mybook.ru
myskills.ru
naked-science.ru
nalog.ru
nat-geo.ru
nauka.club
nd.ru
netology.ru
nevasport.ru
nkj.ru
nlr.ru
notariat.ru
nplus1.ru
nsportal.ru
ntv.ru
nukadeti.ru
obrazovaka.ru
ohotniki.ru
ok.ru
olimpiada.ru
olimpium.ru
ombudsmanrf.org
onelya.ru
onlinetrade.ru
open.ru
openedu.ru
oprf.ru
otr-online.ru
otzovik.com
oum.ru
ozon.ru
ozonusercontent.com
ped-kopilka.ru
pedsovet.org
pesc.ru
pfrf.ru
piluli.ru
pnp.ru
pochta.ru
pochtabank.ru
popmech.ru
portbox.ru
postupi.online
povar.ru
prlib.ru
proektoria.online
professionali.ru
profi.ru
prosv.ru
proza.ru
psbank.ru
pulscen.ru
pushkinmuseum.art
rabota.ru
radiomayak.ru
radiorus.ru
radiovesti.ru
raiffeisen.ru
rambler.ru
rbc.ru
refocus.ru
regmarkets.ru
ren.tv
reso.ru
rg.ru
rgo.ru
ria.ru
riafan.ru
rosbank.ru
roscongress.org
rosminzdrav.ru
rospotrebnadzor.ru
rosreestr.ru
rostrud.ru
rosuchebnik.ru
roszdravnadzor.ru
rshb.ru
rsl.ru
rt.com
rt.ru
rulit.online
rusarchives.ru
rusbiathlon.ru
rusmuseum.ru
rusneb.ru
russia.tv
russianfood.com
russianpost.ru
russkiiyazyk.ru
rustih.ru
rzd-bonus.ru
rzd.ru
samlib.ru
sberbank.ru
sbermarket.ru
sbertech.ru
sdamgia.ru
selfpub.ru
Shm.ru
showip.net
sibac.info
sirius.online
skillbox.ru
skyeng.ru
sledcom.ru
smi2.ru
soccer.ru
sovsport.ru
spacegid.com
spastv.ru
spbstu.ru
sport-express.ru
sport.ru
sport24.ru
sportmail.ru
sportrbc.ru
sportsdaily.ru
sravni.ru
stihi.ru
sudact.ru
sudrf.ru
superjob.ru
tamtam.chat
tass.ru
teleprogramma.pro
tiu.ru
tnt-online.ru
tretyakovgallery.ru
trudvsem.ru
tsu.ru
ttk.ru
tv3.ru
tvc.ru
tvkultura.ru
tvzvezda.ru
ucheba.ru
uchi.ru
uchitelya.com
uchportal.ru
unicreditbank.ru
uteka.ru
utkonos.ru
vashurok.ru
vbr.ru
vesti.ru
videouroki.net
vk.cc
vk.com
vk.me
vk.ru
vkvideo.ru
vm.ru
vokrugsveta.ru
vseonauke.com
vsrf.ru
vtb.ru
vz.ru
wikireading.ru
wildberries.ru
woman.ru
worldskills.ru
xn----7sbbabiut3aergqjd.xn--p1ai
xn--2020-k4dua2ck9gua.xn--p1ai
xn--80aa3ak.xn--p1ai
xn--80aesfpebagmfblc0a.xn--p1ai
xn--80afcdbalict6afooklqi5o3d2hlb1g.xn--p1ai
xn--80ahcnehel4aki3b.xn--p1ai
xn--80ajghhoc4ah6g.xn--p1ai
xn--90aijkdmaud0d.xn--p1ai
xn--d1acufc5bpz.xn--p1ai
xn--j1ail.xn--p1ai
xumuk.ru
yadro.ru
yaklass.ru
yandex.net
yandex.ru
youdo.com
youla.ru
zakon.ru
zdravcity.ru
znaika.ru
zoon.ru