01math.com
1c.ru
1tv.ru
2gis.com
2gis.ru
2x2tv.ru
360tv.ru
4ege.ru
5-tv.ru
5ka.ru
7dach.ru
7days.ru
9111.ru
abramtsevo.net
aeroflot.ru
afisha.ru
agroserver.ru
aif.ru
alfabank.ru
aliexpress.com
aliexpress.ru
allhockey.ru
apteka.ru
aptekamos.ru
arbitr.ru
arhangelskoe.su
artchive.ru
arzamas.academy
asna.ru
atb.su
author.today
auto.ru
autonews.ru
autorambler.ru
avito.ru
avito.st
avtodor-tr.ru
avtovzglyad.ru
baby.ru
babyblog.ru
bagandwallet.ru
banki.ru
barahla.net
beru.ru
bitrix.info
bkvet.ru
blizko.ru
bolshoi.ru
borodino.ru
bso.ru
cbr.ru
cdnvideo.ru
championat.com
chitalnya.ru
cian.ru
cifra.school
cikrf.ru
clstorage.net
consultant.ru
cosmo.ru
ctc.ru
culture.ru
cyberleninka.ru
datalesson.ru
delivery-club.ru
dnevnik.ru
dobro.ru
domashniy.ru
domclick.ru
doverie-tv.ru
drive2.ru
drom.ru
dzen.ru
dzvr.ru
e-katalog.ru
eapteka.ru
edadeal.ru
edgecdn.ru
edimdoma.ru
edu.ru
ekovolga.com
elducation.ru
elementy.ru
elibrary.ru
f1news.ru
fa.ru
fantlab.ru
fighttime.ru
film.ru
fipi.ru
fitseven.ru
fmbaros.ru
forumhouse.ru
foxford.ru
friday.ru
fss.ru
fssprus.ru
garant.ru
gaso.ru
gazeta.ru
gazprom-media.com
gazprombank.ru
gibdd.ru
gismeteo.ru
gks.ru
gosfilmofond.ru
goskatalog.ru
gosuslugi.ru
gov.ru
government.ru
gu-st.ru
habr.com
hermitagemuseum.org
hh.ru
hhcdn.ru
hi-news.ru
histrf.ru
hobbygames.ru
ilibrary.ru
imgsmail.ru
in-space.ru
indicator.ru
infourok.ru
inlearno.ru
integral-store.ru
interfax.ru
interneturok.ru
irecommend.ru
irr.ru
ivi.ru
ivi.tv
iz.ru
karusel-tv.ru
kgsnab.ru
khl.ru
kino-teatr.ru
kinoafisha.info
kinopoisk.ru
kipmu.ru
knigogid.ru
kodeks.ru
kolesa.ru
kommersant.ru
komus.ru
kopilkaurokov.ru
kp.ru
kreml-alexandrov.ru
kreml.ru
kremlin.ru
ksrf.ru
lamoda.co
lamoda.ru
lektorium.tv
lemanapro.ru
lenta.com
lenta.ru
leroymerlin.ru
letidor.ru
lib.ru
life.ru
litres.ru
livejournal.com
livelib.ru
livesport.ru
lmcdn.ru
m24.ru
m9com.ru
maam.ru
magnit.com
magnit.ru
mail.ru
mariinsky.ru
matchtv.ru
may9.ru
mediametrics.ru
mega-talant.com
mel.fm
mil.ru
minobrnauki.ru
mir24.tv
mirtesen.ru
mk.ru
mkb.ru
mkrf.ru
mm.ru
mob-edu.ru
moluch.ru
mos.ru
mosenergosbyt.ru
mosmetod.ru
mosreg.ru
msu.ru
multiurok.ru
muz-tv.ru
mvd.ru
my.com
mybook.ru
mycdn.me
myskills.ru
naked-science.ru
nalog.ru
nat-geo.ru
nauka.club
nd.ru
netology.ru
nevasport.ru
ngenix.net
ngenix.ru
nkj.ru
nlr.ru
notariat.ru
nplus1.ru
nsportal.ru
ntv.ru
nukadeti.ru
obrazovaka.ru
ohotniki.ru
ok.ru
okko.sport
okko.tv
olimpiada.ru
olimpium.ru
ombudsmanrf.org
onelya.ru
onlinetrade.ru
open.ru
openedu.ru
oprf.ru
otr-online.ru
otzovik.com
oum.ru
ozon.com
ozon.ru
ozoncloud.net
ozone.ru
ozonusercontent.com
ped-kopilka.ru
pedsovet.org
perekrestok.ru
pesc.ru
pfrf.ru
piluli.ru
pnp.ru
pochta.ru
pochtabank.ru
popmech.ru
portbox.ru
postupi.online
povar.ru
premier.one
prlib.ru
proektoria.online
professionali.ru
profi.ru
prosv.ru
proza.ru
psbank.ru
pulscen.ru
pushkinmuseum.art
rabota.ru
radiomayak.ru
radiorus.ru
radiovesti.ru
raiffeisen.ru
rambler.ru
rbc.ru
refocus.ru
reg.ru
regmarkets.ru
ren.tv
reso.ru
rg.ru
rgo.ru
ria.ru
riafan.ru
rnet.plus
rosbank.ru
roscongress.org
rosminzdrav.ru
rospotrebnadzor.ru
rosreestr.ru
rostrud.ru
rosuchebnik.ru
roszdravnadzor.ru
rshb.ru
rsl.ru
rt.com
rt.ru
rulit.online
rusarchives.ru
rusbiathlon.ru
rusmuseum.ru
rusneb.ru
russ.expert
russia.tv
russianfood.com
russianpost.ru
russkiiyazyk.ru
russoutdoor.ru
rustih.ru
rutube.ru
rwb.ru
rzd-bonus.ru
rzd.ru
samlib.ru
samokat.ru
sber.com
sber.ru
sberauto.com
sberbank.com
sberbank.ru
sberdevices.ru
sberhealth.ru
sberindex.ru
sberlogistics.ru
sbermarket.ru
sbertech.ru
sberzvuk.com
sbolpay.ru
sbrf.ru
sdamgia.ru
selfpub.ru
Shm.ru
showip.net
sibac.info
sirius.online
skillbox.ru
skyeng.ru
sledcom.ru
smi2.ru
soccer.ru
solidbank.ru
sovsport.ru
spacegid.com
spastv.ru
spb-katalog.ru
spbstu.ru
sport-express.ru
sport.ru
sport24.ru
sportmail.ru
sportrbc.ru
sportsdaily.ru
sravni.ru
start.film
stihi.ru
sudact.ru
sudrf.ru
superjob.ru
tamtam.chat
tass.ru
teleprogramma.pro
tiu.ru
tnt-online.ru
tretyakovgallery.ru
trex.media
trudvsem.ru
tsu.ru
ttk.ru
tutu.ru
tv3.ru
tvc.ru
tvkultura.ru
tvzvezda.ru
ucheba.ru
uchi.ru
uchitelya.com
uchportal.ru
uma.media
unicreditbank.ru
userapi.com
uteka.ru
utkonos.ru
vashurok.ru
vbr.ru
vdsina.ru
vesti.ru
vetmed.ru
videouroki.net
vk-cdn.net
vk.cc
vk.com
vk.me
vk.ru
vkcs.cloud
vkplay.ru
vkuser.net
vkusvill.ru
vkvideo.ru
vm.ru
vokrugsveta.ru
vprok.ru
vseinstrumenti.ru
vsrf.ru
vtb.ru
vz.ru
wb.ru
wbbasket.ru
wbstatic.net
wikireading.ru
wildberries.ru
williams-oliver.ru
wink.ru
woman.ru
worldskills.ru
x5.ru
x5.tech
xn----7sbbabiut3aergqjd.xn--p1ai
xn--2020-k4dua2ck9gua.xn--p1ai
xn--80aa3ak.xn--p1ai
xn--80aesfpebagmfblc0a.xn--p1ai
xn--80afcdbalict6afooklqi5o3d2hlb1g.xn--p1ai
xn--80ahcnehel4aki3b.xn--p1ai
xn--80ajghhoc4ah6g.xn--p1ai
xn--90aijkdmaud0d.xn--p1ai
xn--d1acufc5bpz.xn--p1ai
xn--j1ail.xn--p1ai
xumuk.ru
ya.ru
yadro.ru
yaklass.ru
yandex.by
yandex.com
yandex.net
yandex.ru
yandex.st
yandexcloud.net
yappy.media
yastatic.net
yota.ru
youdo.com
youla.ru
zakon.ru
zdravcity.ru
znaika.ru
zoon.ru