1018213540.rsc.cdn77.org
avtodor-tr.ru
b2c-ticket-sentry.onelya.ru
bitrix.info
bkvet.ru
cdn1.ozonusercontent.com
cms1.dzvr.ru
counter.yadro.ru
dzvr.ru
fairplay-proxy.ott.yandex.ru
fssp.gov.ru
gosuslugi.ru
gov.ru
graphql.kinopoisk.ru
gu-st.ru
lemanapro.ru
leroymerlin.ru
mobileapp.russianpost.ru
mos.ru
mosenergosbyt.ru
mosreg.ru
nalog.ru
ozon.ru
pesc.ru
pochta.ru
reso.ru
rosreestr.gov.ru
rzd-bonus.ru
rzd.ru
showip.net
sys.refocus.ru
vshark.ttk.ru
widevine-proxy.ott.yandex.ru
xn--90aijkdmaud0d.xn--p1ai
yandex.net
rt.ru
vkvideo.ru
vk.ru
vk.com
vk.cc
vk.me
ok.ru
mirtesen.ru
professionali.ru
local.yandex.ru
irecommend.ru
livejournal.com
zakon.ru
habr.com
forumhouse.ru
7dach.ru
otzovik.com
babyblog.ru
letidor.ru
baby.ru
nsportal.ru
9111.ru
drive2.ru
ohotniki.ru
russianfood.com
povar.ru
edimdoma.ru
mail.ru
mail.yandex.ru
mail.rambler.ru
disk.yandex.ru
icq.com
tamtam.chat
yandex.ru
gismeteo.ru
2gis.ru
pkk.rosreestr.ru
rasp.yandex.ru
metro.yandex.ru
rzd.ru
health.yandex.ru
apteka.ru
asna.ru
eapteka.ru
uteka.ru
aptekamos.ru
стопкоронавирус.рф
piluli.ru
zdravcity.ru
consultant.ru
garant.ru
kodeks.ru
sudact.ru
money.yandex.ru
alfabank.ru
gazprombank.ru
mkb.ru
sberbank.ru
vtb.ru
open.ru
psbank.ru
raiffeisen.ru
rosbank.ru
rshb.ru
unicreditbank.ru
pochtabank.ru
rambler.ru
news.yandex.ru
news.rambler.ru
smi2.ru
mediametrics.ru
kp.ru
ria.ru
lenta.ru
novideo.rbc.ru
mk.ru
rg.ru
gazeta.ru
iz.ru
aif.ru
tass.ru
0.vesti.ru
kommersant.ru
life.ru
m24.ru
riafan.ru
vz.ru
interfax.ru
7days.ru
teleprogramma.pro
vm.ru
woman.ru
cosmo.ru
free.ntv.ru
1tv.ru
360tv.ru
russian.rt.com
0.russia.tv
free.tnt-online.ru
0.tvkultura.ru
otr-online.ru
lite.mir24.tv
tvc.ru
karusel-tv.ru
app.matchtv.ru
pablic.tvzvezda.ru
ren.tv
spastv.ru
domashniy.ru
ctc.ru
free.tv3.ru
free.friday.ru
muz-tv.ru
0.radiovesti.ru
doverie-tv.ru
0.radiorus.ru
0.radiomayak.ru
5-tv.ru
sport-express.ru
sovsport.ru
autonews.ru
autorambler.ru
avtovzglyad.ru
kolesa.ru
culture.ru
afisha.ru
litres.ru
mybook.ru
selfpub.ru
rustih.ru
stihi.ru
livelib.ru
knigogid.ru
fantlab.ru
samlib.ru
chitalnya.ru
nukadeti.ru
proza.ru
онлайн-читать.рф
lib.ru
ilibrary.ru
author.today
rusarchives.ru
kino-teatr.ru
film.ru
kinoafisha.info
artchive.ru
arzamas.academy
bolshoi.ru
mariinsky.ru
hermitagemuseum.org
pushkinmuseum.art
tretyakovgallery.ru
rusmuseum.ru
rusneb.ru
goskatalog.ru
ar.culture.ru
gaso.ru
bso.ru
gosfilmofond.ru
rsl.ru
abramtsevo.net
kreml-alexandrov.ru
arhangelskoe.su
borodino.ru
kreml.ru
Shm.ru
bre.mkrf.ru
may9.ru
prlib.ru
nlr.ru
infourok.ru
sdamgia.ru
uchi.ru
obrazovaka.ru
dnevnik.ru
yaklass.ru
mel.fm
foxford.ru
wikireading.ru
russkiiyazyk.ru
maam.ru
урок.рф
4ege.ru
kopilkaurokov.ru
videouroki.net
school.yandex.ru
interneturok.ru
histrf.ru
vashurok.ru
uchitelya.com
skyeng.ru
postupi.online
ped-kopilka.ru
multiurok.ru
education.yandex.ru
ucheba.ru
netology.ru
rosuchebnik.ru
mega-talant.com
olimpiada.ru
openedu.ru
resh.edu.ru
fipi.ru
digital.prosv.ru
sirius.online
datalesson.ru
start.skillbox.ru
pedsovet.org
uchportal.ru
obr.1c.ru
znaika.ru
01math.com
obr.nd.ru
rulit.online
inlearno.ru
elducation.ru
myskills.ru
proektoria.online
worldskills.ru
bilet.worldskills.ru
dppo.edu.ru
media.prosv.ru
uchebnik.mos.ru
olimpium.ru
lecta.rosuchebnik.ru
mob-edu.ru
mosmetod.ru
edu.ru
cifra.school
dop.edu.ru
cyberleninka.ru
nplus1.ru
moluch.ru
elibrary.ru
naked-science.ru
indicator.ru
hi-news.ru
nauka.club
nkj.ru
vokrugsveta.ru
xumuk.ru
elementy.ru
ekovolga.com
popmech.ru
kipmu.ru
nat-geo.ru
sibac.info
spacegid.com
in-space.ru
rgo.ru
vseonauke.com
distant.msu.ru
online.fa.ru
lektorium.tv
lms.spbstu.ru
moodle.tsu.ru
по отдельному списку
championat.com
free.sportbox.ru
sport24.ru
sportmail.ru
sport.ru
sportrbc.ru
sportsdaily.ru
soccer.ru
nevasport.ru
oum.ru
allhockey.ru
fighttime.ru
f1news.ru
livesport.ru
fitseven.ru
rusbiathlon.ru
khl.ru
kremlin.ru
government.ru
council.gov.ru
duma.gov.ru
ksrf.ru
vsrf.ru
arbitr.ru
gosuslugi.ru
pravo.gov.ru
kad.arbitr.ru
sudrf.ru
nalog.ru
mchs.gov.ru
fssprus.ru
pfrf.ru
rosreestr.ru
mvd.ru
mil.ru
rospotrebnadzor.ru
rosminzdrav.ru
cbr.ru
gks.ru
fss.ru
sledcom.ru
genproc.gov.ru
cikrf.ru
mkrf.ru
minobrnauki.ru
edu.gov.ru
pnp.ru
roszdravnadzor.ru
futurerussia.gov.ru
notariat.ru
онлайнинспекция.рф
rostrud.ru
моидокументы.рф
audit.gov.ru
ombudsmanrf.org
fmbaros.ru
pochta.ru
hh.ru
rabota.ru
superjob.ru
rabota.yandex.ru
trudvsem.ru
utkonos.ru
delivery-club.ru
sbermarket.ru
eda.yandex.ru
market.yandex.ru
wildberries.ru
ozon.ru
aliexpress.ru
beru.ru
tiu.ru
onlinetrade.ru
auto.ru
drom.ru
cian.ru
edadeal.ru
banki.ru
zoon.ru
sravni.ru
youla.ru
regmarkets.ru
e-katalog.ru
realty.yandex.ru
domclick.ru
blizko.ru
irr.ru
barahla.net
pulscen.ru
taxi.yandex.ru
youdo.com
vbr.ru
profi.ru
agroserver.ru
президентскиегранты.рф
доступвсем.рф
авц.рф
мывместе2020.рф
dobro.ru
edu.dobro.ru
journal.dobro.ru
oprf.ru
roscongress.org
sbertech.ru